// Jest Snapshot v1, https://goo.gl/fbAQLP

exports[`renders correctly 1`] = `
<View
  accessibilityState={
    {
      "busy": undefined,
      "checked": undefined,
      "disabled": undefined,
      "expanded": undefined,
      "selected": undefined,
    }
  }
  accessibilityValue={
    {
      "max": undefined,
      "min": undefined,
      "now": undefined,
      "text": undefined,
    }
  }
  accessible={true}
  collapsable={false}
  focusable={false}
  onClick={[Function]}
  onResponderGrant={[Function]}
  onResponderMove={[Function]}
  onResponderRelease={[Function]}
  onResponderTerminate={[Function]}
  onResponderTerminationRequest={[Function]}
  onStartShouldSetResponder={[Function]}
  style={
    {
      "alignItems": "center",
      "alignSelf": "center",
      "backgroundColor": "black",
      "borderRadius": 64.28571428571428,
      "bottom": "0.5%",
      "elevation": 5,
      "flexDirection": "row",
      "height": 64.28571428571428,
      "justifyContent": "center",
      "marginHorizontal": "2%",
      "marginTop": "1%",
      "opacity": 1,
      "paddingHorizontal": "1%",
      "paddingVertical": "1%",
      "position": "absolute",
      "shadowColor": "black",
      "shadowOffset": {
        "height": 2,
        "width": 0,
      },
      "shadowOpacity": 0.25,
      "shadowRadius": 3.84,
      "width": "46%",
    }
  }
>
  <Text
    style={
      {
        "color": "white",
        "fontWeight": "700",
        "textAlign": "center",
      }
    }
  >
    Load More
  </Text>
</View>
`;
